2026-09-23 18:29:18.262 [main] DEBUG Main - Создание Horse, имя [Bucephalus], скорость [2.4]
2026-09-23 18:29:18.280 [main] DEBUG Main - Создание Horse, имя [Ace of Spades], скорость [2.5]
2026-09-23 18:29:18.281 [main] DEBUG Main - Создание Horse, имя [Zephyr], скорость [2.6]
2026-09-23 18:29:18.281 [main] DEBUG Main - Создание Horse, имя [Blaze], скорость [2.7]
2026-09-23 18:29:18.281 [main] DEBUG Main - Создание Horse, имя [Lobster], скорость [2.8]
2026-09-23 18:29:18.281 [main] DEBUG Main - Создание Horse, имя [Pegasus], скорость [2.9]
2026-09-23 18:29:18.282 [main] DEBUG Main - Создание Horse, имя [Cherry], скорость [3.0]
2026-09-23 18:29:18.284 [main] DEBUG Main - Создание Hippodrome, лошадей [7]
2026-09-23 18:29:18.285 [main] INFO  Main - Начало скачек.  Количество участников: 7
2026-09-23 18:30:54.583 [main] DEBUG Main - Создание Horse, имя [Bucephalus], скорость [2.4]
2026-09-23 18:30:54.590 [main] DEBUG Main - Создание Horse, имя [Ace of Spades], скорость [2.5]
2026-09-23 18:30:54.590 [main] DEBUG Main - Создание Horse, имя [Zephyr], скорость [2.6]
2026-09-23 18:30:54.591 [main] DEBUG Main - Создание Horse, имя [Blaze], скорость [2.7]
2026-09-23 18:30:54.591 [main] DEBUG Main - Создание Horse, имя [Lobster], скорость [2.8]
2026-09-23 18:30:54.591 [main] DEBUG Main - Создание Horse, имя [Pegasus], скорость [2.9]
2026-09-23 18:30:54.591 [main] DEBUG Main - Создание Horse, имя [Cherry], скорость [3.0]
2026-09-23 18:30:54.593 [main] DEBUG Main - Создание Hippodrome, лошадей [7]
2026-09-23 18:30:54.594 [main] INFO  Main - Начало скачек.  Количество участников: 7
2026-09-23 18:31:08.929 [main] DEBUG Main - Создание Horse, имя [Bucephalus], скорость [2.4]
2026-09-23 18:31:08.935 [main] DEBUG Main - Создание Horse, имя [Ace of Spades], скорость [2.5]
2026-09-23 18:31:08.935 [main] DEBUG Main - Создание Horse, имя [Zephyr], скорость [2.6]
2026-09-23 18:31:08.936 [main] DEBUG Main - Создание Horse, имя [Blaze], скорость [2.7]
2026-09-23 18:31:08.936 [main] DEBUG Main - Создание Horse, имя [Lobster], скорость [2.8]
2026-09-23 18:31:08.936 [main] DEBUG Main - Создание Horse, имя [Pegasus], скорость [2.9]
2026-09-23 18:31:08.937 [main] DEBUG Main - Создание Horse, имя [Cherry], скорость [3.0]
2026-09-23 18:31:08.939 [main] DEBUG Main - Создание Hippodrome, лошадей [7]
2026-09-23 18:31:08.940 [main] INFO  Main - Начало скачек.  Количество участников: 7
2026-09-23 18:31:18.201 [main] DEBUG Main - Создание Horse, имя [Bucephalus], скорость [2.4]
2026-09-23 18:31:18.206 [main] DEBUG Main - Создание Horse, имя [Ace of Spades], скорость [2.5]
2026-09-23 18:31:18.207 [main] DEBUG Main - Создание Horse, имя [Zephyr], скорость [2.6]
2026-09-23 18:31:18.207 [main] DEBUG Main - Создание Horse, имя [Blaze], скорость [2.7]
2026-09-23 18:31:18.207 [main] DEBUG Main - Создание Horse, имя [Lobster], скорость [2.8]
2026-09-23 18:31:18.207 [main] DEBUG Main - Создание Horse, имя [Pegasus], скорость [2.9]
2026-09-23 18:31:18.207 [main] DEBUG Main - Создание Horse, имя [Cherry], скорость [3.0]
2026-09-23 18:31:18.210 [main] DEBUG Main - Создание Hippodrome, лошадей [7]
2026-09-23 18:31:18.211 [main] INFO  Main - Начало скачек.  Количество участников: 7
2026-09-23 18:31:29.194 [main] DEBUG Main - Создание Horse, имя [Bucephalus], скорость [2.4]
2026-09-23 18:31:29.200 [main] DEBUG Main - Создание Horse, имя [Ace of Spades], скорость [2.5]
2026-09-23 18:31:29.201 [main] DEBUG Main - Создание Horse, имя [Zephyr], скорость [2.6]
2026-09-23 18:31:29.201 [main] DEBUG Main - Создание Horse, имя [Blaze], скорость [2.7]
2026-09-23 18:31:29.201 [main] DEBUG Main - Создание Horse, имя [Lobster], скорость [2.8]
2026-09-23 18:31:29.201 [main] DEBUG Main - Создание Horse, имя [Pegasus], скорость [2.9]
2026-09-23 18:31:29.201 [main] DEBUG Main - Создание Horse, имя [Cherry], скорость [3.0]
2026-09-23 18:31:29.204 [main] DEBUG Main - Создание Hippodrome, лошадей [7]
2026-09-23 18:31:29.205 [main] INFO  Main - Начало скачек.  Количество участников: 7
2026-09-23 18:31:49.792 [main] INFO  Main - Окончание скачек. Победитель: Pegasus
2026-09-23 18:35:08.429 [main] DEBUG Main - Создание Horse, имя [Bucephalus], скорость [2.4]
2026-09-23 18:35:08.435 [main] DEBUG Main - Создание Horse, имя [Ace of Spades], скорость [2.5]
2026-09-23 18:35:08.435 [main] DEBUG Main - Создание Horse, имя [Zephyr], скорость [2.6]
2026-09-23 18:35:08.435 [main] DEBUG Main - Создание Horse, имя [Blaze], скорость [2.7]
2026-09-23 18:35:08.436 [main] DEBUG Main - Создание Horse, имя [Lobster], скорость [2.8]
2026-09-23 18:35:08.436 [main] DEBUG Main - Создание Horse, имя [Pegasus], скорость [2.9]
2026-09-23 18:35:08.436 [main] DEBUG Main - Создание Horse, имя [Cherry], скорость [3.0]
2026-09-23 18:35:08.438 [main] DEBUG Main - Создание Hippodrome, лошадей [7]
2026-09-23 18:35:08.439 [main] INFO  Main - Начало скачек.  Количество участников: 7
2026-09-23 18:35:29.293 [main] INFO  Main - Окончание скачек. Победитель: Cherry
2026-09-23 18:36:09.208 [main] DEBUG Main - Создание Horse, имя [Bucephalus], скорость [2.4]
2026-09-23 18:36:09.213 [main] DEBUG Main - Создание Horse, имя [Ace of Spades], скорость [2.5]
2026-09-23 18:36:09.213 [main] DEBUG Main - Создание Horse, имя [Zephyr], скорость [2.6]
2026-09-23 18:36:09.213 [main] DEBUG Main - Создание Horse, имя [Blaze], скорость [2.7]
2026-09-23 18:36:09.214 [main] DEBUG Main - Создание Horse, имя [Lobster], скорость [2.8]
2026-09-23 18:36:09.214 [main] DEBUG Main - Создание Horse, имя [Pegasus], скорость [2.9]
2026-09-23 18:36:09.214 [main] DEBUG Main - Создание Horse, имя [Cherry], скорость [3.0]
2026-09-23 18:36:09.216 [main] DEBUG Main - Создание Hippodrome, лошадей [7]
2026-09-23 18:36:09.216 [main] INFO  Main - Начало скачек.  Количество участников: 7
2026-09-23 18:36:29.844 [main] INFO  Main - Окончание скачек. Победитель: Cherry
2026-09-23 18:39:29.830 [main] DEBUG Main - Создание Horse, имя [Bucephalus], скорость [2.4]
2026-09-23 18:39:29.836 [main] DEBUG Main - Создание Horse, имя [Ace of Spades], скорость [2.5]
2026-09-23 18:39:29.837 [main] DEBUG Main - Создание Horse, имя [Zephyr], скорость [2.6]
2026-09-23 18:39:29.837 [main] DEBUG Main - Создание Horse, имя [Blaze], скорость [2.7]
2026-09-23 18:39:29.837 [main] DEBUG Main - Создание Horse, имя [Lobster], скорость [2.8]
2026-09-23 18:39:29.838 [main] DEBUG Main - Создание Horse, имя [Pegasus], скорость [2.9]
2026-09-23 18:39:29.838 [main] DEBUG Main - Создание Horse, имя [Cherry], скорость [3.0]
2026-09-23 18:39:29.840 [main] DEBUG Main - Создание Hippodrome, лошадей [7]
2026-09-23 18:39:29.842 [main] INFO  Main - Начало скачек.  Количество участников: 7
2026-09-23 18:39:50.444 [main] INFO  Main - Окончание скачек. Победитель: Cherry
2026-09-23 18:42:11.574 [main] DEBUG Main - Создание Horse, имя [Bucephalus], скорость [2.4]
2026-09-23 18:42:11.581 [main] DEBUG Main - Создание Horse, имя [Ace of Spades], скорость [2.5]
2026-09-23 18:42:11.582 [main] DEBUG Main - Создание Horse, имя [Zephyr], скорость [2.6]
2026-09-23 18:42:11.582 [main] DEBUG Main - Создание Horse, имя [Blaze], скорость [2.7]
2026-09-23 18:42:11.582 [main] DEBUG Main - Создание Horse, имя [Lobster], скорость [2.8]
2026-09-23 18:42:11.582 [main] DEBUG Main - Создание Horse, имя [Pegasus], скорость [2.9]
2026-09-23 18:42:11.583 [main] DEBUG Main - Создание Horse, имя [Cherry], скорость [3.0]
2026-09-23 18:42:11.585 [main] DEBUG Main - Создание Hippodrome, лошадей [7]
2026-09-23 18:42:11.585 [main] INFO  Main - Начало скачек.  Количество участников: 7
2026-09-23 18:42:32.195 [main] INFO  Main - Окончание скачек. Победитель: Pegasus
2026-09-23 18:42:56.370 [main] DEBUG Main - Создание Horse, имя [Bucephalus], скорость [2.4]
2026-09-23 18:42:56.375 [main] DEBUG Main - Создание Horse, имя [Ace of Spades], скорость [2.5]
2026-09-23 18:42:56.375 [main] DEBUG Main - Создание Horse, имя [Zephyr], скорость [2.6]
2026-09-23 18:42:56.376 [main] DEBUG Main - Создание Horse, имя [Blaze], скорость [2.7]
2026-09-23 18:42:56.376 [main] DEBUG Main - Создание Horse, имя [Lobster], скорость [2.8]
2026-09-23 18:42:56.376 [main] DEBUG Main - Создание Horse, имя [Pegasus], скорость [2.9]
2026-09-23 18:42:56.376 [main] DEBUG Main - Создание Horse, имя [Cherry], скорость [3.0]
2026-09-23 18:42:56.378 [main] DEBUG Main - Создание Hippodrome, лошадей [7]
2026-09-23 18:42:56.379 [main] INFO  Main - Начало скачек.  Количество участников: 7
2026-09-23 18:43:16.985 [main] INFO  Main - Окончание скачек. Победитель: Cherry
2026-09-23 18:45:50.428 [main] DEBUG Main - Создание Horse, имя [Bucephalus], скорость [2.4]
2026-09-23 18:45:50.433 [main] DEBUG Main - Создание Horse, имя [Ace of Spades], скорость [2.5]
2026-09-23 18:45:50.434 [main] DEBUG Main - Создание Horse, имя [Zephyr], скорость [2.6]
2026-09-23 18:45:50.434 [main] DEBUG Main - Создание Horse, имя [Blaze], скорость [2.7]
2026-09-23 18:45:50.434 [main] DEBUG Main - Создание Horse, имя [Lobster], скорость [2.8]
2026-09-23 18:45:50.434 [main] DEBUG Main - Создание Horse, имя [Pegasus], скорость [2.9]
2026-09-23 18:45:50.435 [main] DEBUG Main - Создание Horse, имя [Cherry], скорость [3.0]
2026-09-23 18:45:50.437 [main] DEBUG Main - Создание Hippodrome, лошадей [7]
2026-09-23 18:45:50.437 [main] INFO  Main - Начало скачек.  Количество участников: 7
2026-09-23 18:46:11.062 [main] INFO  Main - Окончание скачек. Победитель: Cherry
2026-09-23 18:47:22.268 [main] DEBUG Main - Создание Horse, имя [Bucephalus], скорость [2.4]
2026-09-23 18:47:22.274 [main] DEBUG Main - Создание Horse, имя [Ace of Spades], скорость [2.5]
2026-09-23 18:47:22.274 [main] DEBUG Main - Создание Horse, имя [Zephyr], скорость [2.6]
2026-09-23 18:47:22.274 [main] DEBUG Main - Создание Horse, имя [Blaze], скорость [2.7]
2026-09-23 18:47:22.274 [main] DEBUG Main - Создание Horse, имя [Lobster], скорость [2.8]
2026-09-23 18:47:22.275 [main] DEBUG Main - Создание Horse, имя [Pegasus], скорость [2.9]
2026-09-23 18:47:22.275 [main] DEBUG Main - Создание Horse, имя [Cherry], скорость [3.0]
2026-09-23 18:47:22.277 [main] DEBUG Main - Создание Hippodrome, лошадей [7]
2026-09-23 18:47:22.277 [main] INFO  Main - Начало скачек.  Количество участников: 7
2026-09-23 18:47:35.276 [main] DEBUG Main - Создание Horse, имя [Bucephalus], скорость [2.4]
2026-09-23 18:47:35.282 [main] DEBUG Main - Создание Horse, имя [Ace of Spades], скорость [2.5]
2026-09-23 18:47:35.282 [main] DEBUG Main - Создание Horse, имя [Zephyr], скорость [2.6]
2026-09-23 18:47:35.282 [main] DEBUG Main - Создание Horse, имя [Blaze], скорость [2.7]
2026-09-23 18:47:35.283 [main] DEBUG Main - Создание Horse, имя [Lobster], скорость [2.8]
2026-09-23 18:47:35.283 [main] DEBUG Main - Создание Horse, имя [Pegasus], скорость [2.9]
2026-09-23 18:47:35.283 [main] DEBUG Main - Создание Horse, имя [Cherry], скорость [3.0]
2026-09-23 18:47:35.285 [main] DEBUG Main - Создание Hippodrome, лошадей [7]
2026-09-23 18:47:35.286 [main] INFO  Main - Начало скачек.  Количество участников: 7
2026-09-23 18:51:47.464 [main] DEBUG Main - Создание Horse, имя [Bucephalus], скорость [2.4]
2026-09-23 18:51:47.470 [main] DEBUG Main - Создание Horse, имя [Ace of Spades], скорость [2.5]
2026-09-23 18:51:47.471 [main] DEBUG Main - Создание Horse, имя [Zephyr], скорость [2.6]
2026-09-23 18:51:47.471 [main] DEBUG Main - Создание Horse, имя [Blaze], скорость [2.7]
2026-09-23 18:51:47.471 [main] DEBUG Main - Создание Horse, имя [Lobster], скорость [2.8]
2026-09-23 18:51:47.472 [main] DEBUG Main - Создание Horse, имя [Pegasus], скорость [2.9]
2026-09-23 18:51:47.472 [main] DEBUG Main - Создание Horse, имя [Cherry], скорость [3.0]
2026-09-23 18:51:47.475 [main] DEBUG Main - Создание Hippodrome, лошадей [7]
2026-09-23 18:51:47.476 [main] INFO  Main - Начало скачек.  Количество участников: 7
2026-09-23 18:52:08.120 [main] INFO  Main - Окончание скачек. Победитель: Cherry
2026-09-23 18:53:57.497 [main] DEBUG Main - Создание Horse, имя [Bucephalus], скорость [2.4]
2026-09-23 18:53:57.502 [main] DEBUG Main - Создание Horse, имя [Ace of Spades], скорость [2.5]
2026-09-23 18:53:57.502 [main] DEBUG Main - Создание Horse, имя [Zephyr], скорость [2.6]
2026-09-23 18:53:57.502 [main] DEBUG Main - Создание Horse, имя [Blaze], скорость [2.7]
2026-09-23 18:53:57.503 [main] DEBUG Main - Создание Horse, имя [Lobster], скорость [2.8]
2026-09-23 18:53:57.503 [main] DEBUG Main - Создание Horse, имя [Pegasus], скорость [2.9]
2026-09-23 18:53:57.503 [main] DEBUG Main - Создание Horse, имя [Cherry], скорость [3.0]
2026-09-23 18:53:57.505 [main] DEBUG Main - Создание Hippodrome, лошадей [7]
2026-09-23 18:53:57.506 [main] INFO  Main - Начало скачек.  Количество участников: 7
2026-09-23 18:54:18.082 [main] INFO  Main - Окончание скачек. Победитель: Lobster
2026-09-23 18:55:18.991 [main] DEBUG Main - Создание Horse, имя [Bucephalus], скорость [2.4]
2026-09-23 18:55:18.997 [main] DEBUG Main - Создание Horse, имя [Ace of Spades], скорость [2.5]
2026-09-23 18:55:18.998 [main] DEBUG Main - Создание Horse, имя [Zephyr], скорость [2.6]
2026-09-23 18:55:18.998 [main] DEBUG Main - Создание Horse, имя [Blaze], скорость [2.7]
2026-09-23 18:55:18.998 [main] DEBUG Main - Создание Horse, имя [Lobster], скорость [2.8]
2026-09-23 18:55:18.998 [main] DEBUG Main - Создание Horse, имя [Pegasus], скорость [2.9]
2026-09-23 18:55:18.999 [main] DEBUG Main - Создание Horse, имя [Cherry], скорость [3.0]
2026-09-23 18:55:19.001 [main] DEBUG Main - Создание Hippodrome, лошадей [7]
2026-09-23 18:55:19.001 [main] INFO  Main - Начало скачек.  Количество участников: 7
2026-09-23 18:59:41.014 [main] DEBUG Main - Создание Horse, имя [Bucephalus], скорость [2.4]
2026-09-23 18:59:41.019 [main] DEBUG Main - Создание Horse, имя [Ace of Spades], скорость [2.5]
2026-09-23 18:59:41.019 [main] DEBUG Main - Создание Horse, имя [Zephyr], скорость [2.6]
2026-09-23 18:59:41.019 [main] DEBUG Main - Создание Horse, имя [Blaze], скорость [2.7]
2026-09-23 18:59:41.019 [main] DEBUG Main - Создание Horse, имя [Lobster], скорость [2.8]
2026-09-23 18:59:41.020 [main] DEBUG Main - Создание Horse, имя [Pegasus], скорость [2.9]
2026-09-23 18:59:41.020 [main] DEBUG Main - Создание Horse, имя [Cherry], скорость [3.0]
2026-09-23 18:59:41.022 [main] DEBUG Main - Создание Hippodrome, лошадей [7]
2026-09-23 18:59:41.022 [main] INFO  Main - Начало скачек.  Количество участников: 7
2026-09-23 19:00:01.610 [main] INFO  Main - Окончание скачек. Победитель: Lobster
2026-09-23 19:04:01.928 [main] DEBUG Main - Создание Horse, имя [Bucephalus], скорость [2.4]
2026-09-23 19:04:01.933 [main] DEBUG Main - Создание Horse, имя [Ace of Spades], скорость [2.5]
2026-09-23 19:04:01.933 [main] DEBUG Main - Создание Horse, имя [Zephyr], скорость [2.6]
2026-09-23 19:04:01.934 [main] DEBUG Main - Создание Horse, имя [Blaze], скорость [2.7]
2026-09-23 19:04:01.934 [main] DEBUG Main - Создание Horse, имя [Lobster], скорость [2.8]
2026-09-23 19:04:01.934 [main] DEBUG Main - Создание Horse, имя [Pegasus], скорость [2.9]
2026-09-23 19:04:01.935 [main] DEBUG Main - Создание Horse, имя [Cherry], скорость [3.0]
2026-09-23 19:04:01.937 [main] DEBUG Main - Создание Hippodrome, лошадей [7]
2026-09-23 19:04:01.938 [main] INFO  Main - Начало скачек.  Количество участников: 7
2026-09-23 19:04:22.612 [main] INFO  Main - Окончание скачек. Победитель: Cherry
2026-09-23 19:04:47.103 [main] DEBUG Main - Создание Horse, имя [Bucephalus], скорость [2.4]
2026-09-23 19:04:47.108 [main] DEBUG Main - Создание Horse, имя [Ace of Spades], скорость [2.5]
2026-09-23 19:04:47.109 [main] DEBUG Main - Создание Horse, имя [Zephyr], скорость [2.6]
2026-09-23 19:04:47.109 [main] DEBUG Main - Создание Horse, имя [Blaze], скорость [2.7]
2026-09-23 19:04:47.109 [main] DEBUG Main - Создание Horse, имя [Lobster], скорость [2.8]
2026-09-23 19:04:47.109 [main] DEBUG Main - Создание Horse, имя [Pegasus], скорость [2.9]
2026-09-23 19:04:47.110 [main] DEBUG Main - Создание Horse, имя [Cherry], скорость [3.0]
2026-09-23 19:04:47.112 [main] DEBUG Main - Создание Hippodrome, лошадей [7]
2026-09-23 19:04:47.112 [main] INFO  Main - Начало скачек.  Количество участников: 7
2026-09-23 19:05:07.689 [main] INFO  Main - Окончание скачек. Победитель: Cherry
2026-09-23 19:06:12.409 [main] DEBUG Main - Создание Horse, имя [Bucephalus], скорость [2.4]
2026-09-23 19:06:12.414 [main] DEBUG Main - Создание Horse, имя [Ace of Spades], скорость [2.5]
2026-09-23 19:06:12.415 [main] DEBUG Main - Создание Horse, имя [Zephyr], скорость [2.6]
2026-09-23 19:06:12.415 [main] DEBUG Main - Создание Horse, имя [Blaze], скорость [2.7]
2026-09-23 19:06:12.415 [main] DEBUG Main - Создание Horse, имя [Lobster], скорость [2.8]
2026-09-23 19:06:12.416 [main] DEBUG Main - Создание Horse, имя [Pegasus], скорость [2.9]
2026-09-23 19:06:12.416 [main] DEBUG Main - Создание Horse, имя [Cherry], скорость [3.0]
2026-09-23 19:06:12.418 [main] DEBUG Main - Создание Hippodrome, лошадей [7]
2026-09-23 19:06:12.418 [main] INFO  Main - Начало скачек.  Количество участников: 7
2026-09-23 19:06:33.091 [main] INFO  Main - Окончание скачек. Победитель: Cherry
2026-09-23 19:12:18.087 [main] DEBUG Main - Создание Horse, имя [Bucephalus], скорость [2.4]
2026-09-23 19:12:18.093 [main] DEBUG Main - Создание Horse, имя [Ace of Spades], скорость [2.5]
2026-09-23 19:12:18.093 [main] DEBUG Main - Создание Horse, имя [Zephyr], скорость [2.6]
2026-09-23 19:12:18.093 [main] DEBUG Main - Создание Horse, имя [Blaze], скорость [2.7]
2026-09-23 19:12:18.094 [main] DEBUG Main - Создание Horse, имя [Lobster], скорость [2.8]
2026-09-23 19:12:18.094 [main] DEBUG Main - Создание Horse, имя [Pegasus], скорость [2.9]
2026-09-23 19:12:18.094 [main] DEBUG Main - Создание Horse, имя [Cherry], скорость [3.0]
2026-09-23 19:12:18.096 [main] DEBUG Main - Создание Hippodrome, лошадей [7]
2026-09-23 19:12:18.097 [main] INFO  Main - Начало скачек.  Количество участников: 7
2026-09-23 19:12:38.823 [main] INFO  Main - Окончание скачек. Победитель: Pegasus
2026-09-23 19:26:04.340 [main] DEBUG Main - Создание Horse, имя [Bucephalus], скорость [2.4]
2026-09-23 19:26:04.346 [main] DEBUG Main - Создание Horse, имя [Ace of Spades], скорость [2.5]
2026-09-23 19:26:04.347 [main] DEBUG Main - Создание Horse, имя [Zephyr], скорость [2.6]
2026-09-23 19:26:04.347 [main] DEBUG Main - Создание Horse, имя [Blaze], скорость [2.7]
2026-09-23 19:26:04.347 [main] DEBUG Main - Создание Horse, имя [Lobster], скорость [2.8]
2026-09-23 19:26:04.347 [main] DEBUG Main - Создание Horse, имя [Pegasus], скорость [2.9]
2026-09-23 19:26:04.348 [main] DEBUG Main - Создание Horse, имя [Cherry], скорость [3.0]
2026-09-23 19:26:04.350 [main] DEBUG Main - Создание Hippodrome, лошадей [7]
2026-09-23 19:26:04.350 [main] INFO  Main - Начало скачек.  Количество участников: 7
2026-09-23 19:26:24.998 [main] INFO  Main - Окончание скачек. Победитель: Cherry
2026-09-23 19:26:41.991 [main] DEBUG Main - Создание Horse, имя [Bucephalus], скорость [2.4]
2026-09-23 19:26:41.996 [main] DEBUG Main - Создание Horse, имя [Ace of Spades], скорость [2.5]
2026-09-23 19:26:41.996 [main] DEBUG Main - Создание Horse, имя [Zephyr], скорость [2.6]
2026-09-23 19:26:41.997 [main] DEBUG Main - Создание Horse, имя [Blaze], скорость [2.7]
2026-09-23 19:26:41.997 [main] DEBUG Main - Создание Horse, имя [Lobster], скорость [2.8]
2026-09-23 19:26:41.997 [main] DEBUG Main - Создание Horse, имя [Pegasus], скорость [2.9]
2026-09-23 19:26:41.999 [main] DEBUG Main - Создание Horse, имя [Cherry], скорость [3.0]
2026-09-23 19:26:42.001 [main] DEBUG Main - Создание Hippodrome, лошадей [7]
2026-09-23 19:26:42.002 [main] INFO  Main - Начало скачек.  Количество участников: 7
2026-09-23 19:27:02.707 [main] INFO  Main - Окончание скачек. Победитель: Cherry
